     VMA      LMA     Size Align Out     In      Symbol
       0        0 80200000     1 . = 0x80200000
80200000 80200000      5e8     2 .text
80200000 80200000        e     2         /tmp/kernel-bb9bd3.o:(.text.boot)
80200000 80200000        0     1                 
80200000 80200000        0     1                 
80200000 80200000        0     1                 $x.1
80200000 80200000        0     1                 
80200000 80200000        e     1                 boot
8020000e 8020000e        0     1                 
8020000e 8020000e        0     1                 
8020000e 8020000e      27e     2         /tmp/kernel-bb9bd3.o:(.text)
8020000e 8020000e        0     1                 
8020000e 8020000e        0     1                 
8020000e 8020000e        0     1                 $x.0
8020000e 8020000e        0     1                 
8020000e 8020000e        6     1                 sbi_call
80200012 80200012        0     1                 
80200014 80200014        0     1                 
80200014 80200014        0     1                 
80200014 80200014        0     1                 
80200014 80200014        a     1                 putchar
80200018 80200018        0     1                 
8020001c 8020001c        0     1                 
8020001e 8020001e        0     1                 
8020001e 8020001e        0     1                 
8020001e 8020001e        0     1                 
8020001e 8020001e       4e     1                 alloc_pages
80200024 80200024        0     1                 
8020002c 8020002c        0     1                 
8020002c 8020002c        0     1                 
80200030 80200030        0     1                 
80200034 80200034        0     1                 
80200034 80200034        0     1                 
8020003c 8020003c        0     1                 
80200040 80200040        0     1                 
80200044 80200044        0     1                 
8020005a 8020005a        0     1                 
8020005a 8020005a        0     1                 .LBB2_2
8020005c 8020005c        0     1                 .LBB2_3
8020005c 8020005c        0     1                 
80200062 80200062        0     1                 
80200062 80200062        0     1                 
80200068 80200068        0     1                 
80200068 80200068        0     1                 
8020006c 8020006c        0     1                 
8020006c 8020006c        0     1                 
8020006c 8020006c        0     1                 
8020006c 8020006c        0     1                 
8020006c 8020006c        0     1                 
8020006c 8020006c       10     1                 delay
80200074 80200074        0     1                 .LBB3_1
80200074 80200074        0     1                 
80200074 80200074        0     1                 
80200076 80200076        0     1                 
80200076 80200076        0     1                 
80200078 80200078        0     1                 
80200078 80200078        0     1                 
8020007a 8020007a        0     1                 
8020007a 8020007a        0     1                 
8020007c 8020007c        0     1                 
8020007c 8020007c        0     1                 
8020007c 8020007c        0     1                 
8020007c 8020007c        0     1                 
8020007c 8020007c        0     1                 
8020007c 8020007c       4c     1                 proc_a_entry
8020008a 8020008a        0     1                 
80200094 80200094        0     1                 
80200094 80200094        0     1                 
802000ac 802000ac        0     1                 .LBB4_1
802000ac 802000ac        0     1                 
802000ac 802000ac        0     1                 
802000b0 802000b0        0     1                 
802000b4 802000b4        0     1                 
802000b8 802000b8        0     1                 
802000ba 802000ba        0     1                 
802000bc 802000bc        0     1                 
802000be 802000be        0     1                 
802000be 802000be        0     1                 
802000c0 802000c0        0     1                 
802000c0 802000c0        0     1                 .LBB4_2
802000c0 802000c0        0     1                 
802000c2 802000c2        0     1                 
802000c2 802000c2        0     1                 
802000c4 802000c4        0     1                 
802000c4 802000c4        0     1                 
802000c8 802000c8        0     1                 
802000c8 802000c8        0     1                 
802000c8 802000c8        0     1                 
802000c8 802000c8        0     1                 
802000c8 802000c8        0     1                 
802000c8 802000c8        0     1                 
802000c8 802000c8       4c     1                 proc_b_entry
802000d6 802000d6        0     1                 
802000e0 802000e0        0     1                 
802000e0 802000e0        0     1                 
802000f8 802000f8        0     1                 .LBB5_1
802000f8 802000f8        0     1                 
802000f8 802000f8        0     1                 
802000fc 802000fc        0     1                 
80200100 80200100        0     1                 
80200104 80200104        0     1                 
80200106 80200106        0     1                 
80200108 80200108        0     1                 
8020010a 8020010a        0     1                 
8020010a 8020010a        0     1                 
8020010c 8020010c        0     1                 
8020010c 8020010c        0     1                 .LBB5_2
8020010c 8020010c        0     1                 
8020010e 8020010e        0     1                 
8020010e 8020010e        0     1                 
80200110 80200110        0     1                 
80200110 80200110        0     1                 
80200114 80200114        0     1                 
80200114 80200114        0     1                 
80200114 80200114        0     1                 
80200114 80200114        0     1                 
80200114 80200114        0     1                 
80200114 80200114        0     1                 
80200114 80200114      178     1                 kernel_main
80200122 80200122        0     1                 
80200134 80200134        0     1                 
80200134 80200134        0     1                 
80200148 80200148        0     1                 
80200148 80200148        0     1                 
8020014e 8020014e        0     1                 
8020014e 8020014e        0     1                 
80200152 80200152        0     1                 
8020015a 8020015a        0     1                 
80200162 80200162        0     1                 
8020016a 8020016a        0     1                 
8020016e 8020016e        0     1                 
80200176 80200176        0     1                 
8020017e 8020017e        0     1                 
80200186 80200186        0     1                 
8020018a 8020018a        0     1                 
80200192 80200192        0     1                 
80200196 80200196        0     1                 
8020019e 8020019e        0     1                 
802001a6 802001a6        0     1                 
802001aa 802001aa        0     1                 
802001ae 802001ae        0     1                 
802001ae 802001ae        0     1                 
802001b6 802001b6        0     1                 
802001b6 802001b6        0     1                 
802001b8 802001b8        0     1                 
802001ba 802001ba        0     1                 
802001c2 802001c2        0     1                 
802001c6 802001c6        0     1                 
802001ca 802001ca        0     1                 
802001ca 802001ca        0     1                 
802001e0 802001e0        0     1                 
802001e0 802001e0        0     1                 .LBB6_2
802001e2 802001e2        0     1                 .LBB6_3
802001e2 802001e2        0     1                 
802001ea 802001ea        0     1                 
802001ea 802001ea        0     1                 
802001ee 802001ee        0     1                 
802001ee 802001ee        0     1                 
802001f0 802001f0        0     1                 
802001f6 802001f6        0     1                 
802001fa 802001fa        0     1                 
802001fa 802001fa        0     1                 
80200210 80200210        0     1                 
80200210 80200210        0     1                 .LBB6_5
80200212 80200212        0     1                 .LBB6_6
80200212 80200212        0     1                 
8020021a 8020021a        0     1                 
8020021a 8020021a        0     1                 
80200226 80200226        0     1                 
80200226 80200226        0     1                 
80200232 80200232        0     1                 
80200232 80200232        0     1                 
8020023c 8020023c        0     1                 
8020023c 8020023c        0     1                 
80200240 80200240        0     1                 
80200244 80200244        0     1                 
8020024e 8020024e        0     1                 
8020024e 8020024e        0     1                 
80200256 80200256        0     1                 
80200256 80200256        0     1                 
80200260 80200260        0     1                 
80200260 80200260        0     1                 
80200270 80200270        0     1                 
80200270 80200270        0     1                 .LBB6_7
80200270 80200270        0     1                 
80200274 80200274        0     1                 
80200278 80200278        0     1                 
8020027c 8020027c        0     1                 
8020027e 8020027e        0     1                 
80200280 80200280        0     1                 
80200282 80200282        0     1                 
80200282 80200282        0     1                 
80200284 80200284        0     1                 
80200284 80200284        0     1                 .LBB6_8
80200284 80200284        0     1                 
80200286 80200286        0     1                 
80200286 80200286        0     1                 
80200288 80200288        0     1                 
80200288 80200288        0     1                 
8020028c 8020028c        0     1                 
8020028c 8020028c        0     1                 
8020028c 8020028c        0     1                 
8020028c 8020028c      35c     2         /tmp/common-5e7cf1.o:(.text)
8020028c 8020028c        0     1                 
8020028c 8020028c        0     1                 
8020028c 8020028c        0     1                 $x.0
8020028c 8020028c        0     1                 
8020028c 8020028c      1a6     1                 printf
802002ba 802002ba        0     1                 
802002e2 802002e2        0     1                 .LBB0_1
802002e2 802002e2        0     1                 
802002e6 802002e6        0     1                 .LBB0_2
802002e6 802002e6        0     1                 
802002e8 802002e8        0     1                 .LBB0_3
802002e8 802002e8        0     1                 
802002ec 802002ec        0     1                 
802002f4 802002f4        0     1                 .LBB0_5
802002f4 802002f4        0     1                 
802002f6 802002f6        0     1                 
802002f6 802002f6        0     1                 
802002f8 802002f8        0     1                 
802002fa 802002fa        0     1                 .LBB0_6
802002fa 802002fa        0     1                 
802002fe 802002fe        0     1                 
80200300 80200300        0     1                 
80200310 80200310        0     1                 
80200310 80200310        0     1                 
8020031c 8020031c        0     1                 
8020031c 8020031c        0     1                 
80200320 80200320        0     1                 
80200320 80200320        0     1                 
80200322 80200322        0     1                 
80200328 80200328        0     1                 .LBB0_11
80200328 80200328        0     1                 
80200328 80200328        0     1                 
80200330 80200330        0     1                 
80200330 80200330        0     1                 
8020033a 8020033a        0     1                 
8020033a 8020033a        0     1                 
8020033e 8020033e        0     1                 
8020033e 8020033e        0     1                 
80200340 80200340        0     1                 
80200344 80200344        0     1                 
80200346 80200346        0     1                 
80200346 80200346        0     1                 
8020034c 8020034c        0     1                 
8020034c 8020034c        0     1                 
8020034e 8020034e        0     1                 
80200352 80200352        0     1                 
80200354 80200354        0     1                 
80200354 80200354        0     1                 
8020035a 8020035a        0     1                 
8020035a 8020035a        0     1                 
8020035c 8020035c        0     1                 
80200360 80200360        0     1                 
80200362 80200362        0     1                 
80200362 80200362        0     1                 
80200368 80200368        0     1                 
80200368 80200368        0     1                 
8020036a 8020036a        0     1                 
8020036e 8020036e        0     1                 
80200370 80200370        0     1                 
80200370 80200370        0     1                 
80200376 80200376        0     1                 
80200376 80200376        0     1                 
80200378 80200378        0     1                 
8020037c 8020037c        0     1                 
8020037e 8020037e        0     1                 
8020037e 8020037e        0     1                 
80200384 80200384        0     1                 
80200384 80200384        0     1                 
80200386 80200386        0     1                 
8020038a 8020038a        0     1                 
8020038c 8020038c        0     1                 
8020038c 8020038c        0     1                 
80200392 80200392        0     1                 
80200392 80200392        0     1                 
80200394 80200394        0     1                 
80200398 80200398        0     1                 
8020039a 8020039a        0     1                 
8020039a 8020039a        0     1                 
8020039c 8020039c        0     1                 
8020039c 8020039c        0     1                 
8020039e 8020039e        0     1                 
802003a2 802003a2        0     1                 
802003a2 802003a2        0     1                 
802003a4 802003a4        0     1                 
802003a4 802003a4        0     1                 
802003a6 802003a6        0     1                 
802003a8 802003a8        0     1                 .LBB0_14
802003a8 802003a8        0     1                 
802003a8 802003a8        0     1                 
802003b2 802003b2        0     1                 
802003b2 802003b2        0     1                 
802003b6 802003b6        0     1                 
802003bc 802003bc        0     1                 
802003bc 802003bc        0     1                 .LBB0_16
802003bc 802003bc        0     1                 
802003c2 802003c2        0     1                 
802003c2 802003c2        0     1                 
802003c6 802003c6        0     1                 
802003c8 802003c8        0     1                 
802003cc 802003cc        0     1                 .LBB0_17
802003cc 802003cc        0     1                 
802003cc 802003cc        0     1                 
802003d2 802003d2        0     1                 
802003d2 802003d2        0     1                 
802003d6 802003d6        0     1                 
802003d6 802003d6        0     1                 
802003d8 802003d8        0     1                 
802003dc 802003dc        0     1                 .LBB0_18
802003dc 802003dc        0     1                 
802003de 802003de        0     1                 
802003de 802003de        0     1                 .LBB0_19
802003de 802003de        0     1                 
802003e2 802003e2        0     1                 
802003e6 802003e6        0     1                 
802003ea 802003ea        0     1                 .LBB0_20
802003ea 802003ea        0     1                 
802003ea 802003ea        0     1                 
802003ec 802003ec        0     1                 
802003ec 802003ec        0     1                 
802003f0 802003f0        0     1                 
802003f4 802003f4        0     1                 
802003fa 802003fa        0     1                 
802003fa 802003fa        0     1                 
80200402 80200402        0     1                 
80200408 80200408        0     1                 
80200408 80200408        0     1                 
8020040e 8020040e        0     1                 .LBB0_21
8020040e 8020040e        0     1                 
8020040e 8020040e        0     1                 
80200414 80200414        0     1                 .LBB0_22
80200414 80200414        0     1                 
80200414 80200414        0     1                 
80200418 80200418        0     1                 
8020042e 8020042e        0     1                 
80200432 80200432        0     1                 
80200432 80200432        0     1                 
80200432 80200432        0     1                 
80200432 80200432        0     1                 
80200432 80200432        0     1                 
80200432 80200432       16     1                 memset
80200436 80200436        0     1                 
80200436 80200436        0     1                 
80200438 80200438        0     1                 
80200438 80200438        0     1                 .LBB1_2
80200438 80200438        0     1                 
8020043c 8020043c        0     1                 
8020043c 8020043c        0     1                 
80200440 80200440        0     1                 
80200442 80200442        0     1                 
80200442 80200442        0     1                 
80200446 80200446        0     1                 .LBB1_3
80200446 80200446        0     1                 
80200446 80200446        0     1                 
80200448 80200448        0     1                 
80200448 80200448        0     1                 
80200448 80200448        0     1                 
80200448 80200448        0     1                 
80200448 80200448        0     1                 
80200448 80200448       1c     1                 memcpy
8020044c 8020044c        0     1                 
8020044c 8020044c        0     1                 
8020044e 8020044e        0     1                 
8020044e 8020044e        0     1                 .LBB2_2
8020044e 8020044e        0     1                 
80200452 80200452        0     1                 
80200454 80200454        0     1                 
80200458 80200458        0     1                 
80200458 80200458        0     1                 
8020045c 8020045c        0     1                 
8020045e 8020045e        0     1                 
8020045e 8020045e        0     1                 
80200462 80200462        0     1                 .LBB2_3
80200462 80200462        0     1                 
80200462 80200462        0     1                 
80200464 80200464        0     1                 
80200464 80200464        0     1                 
80200464 80200464        0     1                 
80200464 80200464        0     1                 
80200464 80200464        0     1                 
80200464 80200464       24     1                 strcpy
8020046a 8020046a        0     1                 
8020046e 8020046e        0     1                 
8020046e 8020046e        0     1                 
80200470 80200470        0     1                 
80200470 80200470        0     1                 .LBB3_2
80200470 80200470        0     1                 
80200474 80200474        0     1                 
80200478 80200478        0     1                 
8020047c 8020047c        0     1                 
8020047c 8020047c        0     1                 
8020047e 8020047e        0     1                 
8020047e 8020047e        0     1                 
80200480 80200480        0     1                 
80200482 80200482        0     1                 .LBB3_3
80200482 80200482        0     1                 
80200482 80200482        0     1                 
80200486 80200486        0     1                 
80200488 80200488        0     1                 
80200488 80200488        0     1                 
80200488 80200488        0     1                 
80200488 80200488        0     1                 
80200488 80200488        0     1                 
80200488 80200488       2e     1                 strcmp
8020048c 8020048c        0     1                 
8020048e 8020048e        0     1                 
80200490 80200490        0     1                 
80200490 80200490        0     1                 .LBB4_2
80200490 80200490        0     1                 
80200498 80200498        0     1                 
8020049c 8020049c        0     1                 
8020049c 8020049c        0     1                 
802004a0 802004a0        0     1                 
802004a2 802004a2        0     1                 
802004a4 802004a4        0     1                 
802004a6 802004a6        0     1                 .LBB4_4
802004a6 802004a6        0     1                 
802004ac 802004ac        0     1                 .LBB4_5
802004ac 802004ac        0     1                 
802004ac 802004ac        0     1                 
802004ae 802004ae        0     1                 .LBB4_6
802004ae 802004ae        0     1                 
802004ae 802004ae        0     1                 
802004b2 802004b2        0     1                 
802004b2 802004b2        0     1                 
802004b4 802004b4        0     1                 
802004b6 802004b6        0     1                 
802004b6 802004b6        0     1                 
802004b6 802004b6        0     1                 
802004b6 802004b6        0     1                 
802004b6 802004b6        0     1                 
802004b6 802004b6       46     1                 switch_context
802004fc 802004fc        0     1                 
802004fc 802004fc        0     1                 
802004fc 802004fc        0     1                 
802004fc 802004fc       ec     1                 create_process
80200506 80200506        0     1                 
80200506 80200506        0     1                 
80200508 80200508        0     1                 
80200508 80200508        0     1                 
8020050e 8020050e        0     1                 
80200510 80200510        0     1                 
80200510 80200510        0     1                 
8020051e 8020051e        0     1                 
80200520 80200520        0     1                 
80200520 80200520        0     1                 
80200526 80200526        0     1                 
80200528 80200528        0     1                 
80200528 80200528        0     1                 
80200536 80200536        0     1                 
80200538 80200538        0     1                 
80200538 80200538        0     1                 
8020053e 8020053e        0     1                 
80200540 80200540        0     1                 
80200540 80200540        0     1                 
8020054e 8020054e        0     1                 
80200550 80200550        0     1                 
80200550 80200550        0     1                 
80200556 80200556        0     1                 
8020055a 8020055a        0     1                 
8020055c 8020055c        0     1                 
8020055c 8020055c        0     1                 
80200560 80200560        0     1                 
80200572 80200572        0     1                 
80200572 80200572        0     1                 
80200576 80200576        0     1                 .LBB6_9
80200576 80200576        0     1                 
80200578 80200578        0     1                 .LBB6_10
80200578 80200578        0     1                 
80200578 80200578        0     1                 
8020057c 8020057c        0     1                 .LBB6_11
8020057c 8020057c        0     1                 
80200580 80200580        0     1                 .LBB6_12
80200580 80200580        0     1                 
80200584 80200584        0     1                 .LBB6_13
80200584 80200584        0     1                 
80200588 80200588        0     1                 .LBB6_14
80200588 80200588        0     1                 
8020058c 8020058c        0     1                 .LBB6_15
8020058c 8020058c        0     1                 
80200590 80200590        0     1                 .LBB6_16
80200590 80200590        0     1                 
80200592 80200592        0     1                 .LBB6_17
80200592 80200592        0     1                 
80200592 80200592        0     1                 
80200598 80200598        0     1                 
8020059e 8020059e        0     1                 
8020059e 8020059e        0     1                 
802005a2 802005a2        0     1                 
802005a6 802005a6        0     1                 
802005aa 802005aa        0     1                 
802005ae 802005ae        0     1                 
802005b2 802005b2        0     1                 
802005b6 802005b6        0     1                 
802005ba 802005ba        0     1                 
802005be 802005be        0     1                 
802005c2 802005c2        0     1                 
802005c6 802005c6        0     1                 
802005ca 802005ca        0     1                 
802005ce 802005ce        0     1                 
802005d6 802005d6        0     1                 
802005d8 802005d8        0     1                 
802005d8 802005d8        0     1                 
802005da 802005da        0     1                 
802005dc 802005dc        0     1                 
802005e0 802005e0        0     1                 
802005e0 802005e0        0     1                 
802005e2 802005e2        0     1                 
802005e4 802005e4        0     1                 
802005e8 802005e8        0     1                 
802005e8 802005e8        0     1                 
802005e8 802005e8       eb     4 .rodata
802005e8 802005e8       eb     1         <internal>:(.rodata.str1.1)
802006d4 802006d4        4     4 .sdata
802006d4 802006d4        4     4         /tmp/kernel-bb9bd3.o:(.sdata)
802006d4 802006d4        4     1                 alloc_pages.next_paddr
802006d4 802006d4        0     1                 $d.2
802006d8 802006d8    10068     4 .bss
802006d8 802006d8        0     1         __bss = .
802006d8 802006d8        8     4         /tmp/kernel-bb9bd3.o:(.sbss)
802006d8 802006d8        0     1                 $d.4
802006d8 802006d8        4     1                 proc_a
802006dc 802006dc        4     1                 proc_b
802006e0 802006e0    10060     4         /tmp/common-5e7cf1.o:(.bss)
802006e0 802006e0        0     1                 $d.2
802006e0 802006e0    10060     1                 procs
80210740 80210740        0     1         __bss_end = .
80210740 80210740        0     1 . = ALIGN ( 4 )
80210740 80210740    20000     1 . += 128 * 1024
80230740 80230740        0     1 __stack_top = .
80230740 80230740      8c0     1 . = ALIGN ( 4096 )
80231000 80231000        0     1 __free_ram = .
80231000 80231000  4000000     1 . += 64 * 1024 * 1024
84231000 84231000        0     1 __free_ram_end = .
       0        0      799     1 .debug_loc
       0        0      36b     1         /tmp/kernel-bb9bd3.o:(.debug_loc)
       0        0        0     1                 
       0        0        0     1                 $d.5
      1b       1b        0     1                 
      36       36        0     1                 
      51       51        0     1                 
      6c       6c        0     1                 
      ab       ab        0     1                 
      ea       ea        0     1                 
     129      129        0     1                 
     1e0      1e0        0     1                 
     2c0      2c0        0     1                 
     2db      2db        0     1                 
     2f6      2f6        0     1                 
     311      311        0     1                 
     32c      32c        0     1                 
     36b      36b      42e     1         /tmp/common-5e7cf1.o:(.debug_loc)
     36b      36b        0     1                 
     36b      36b        0     1                 $d.3
     389      389        0     1                 
     3a7      3a7        0     1                 
     3c5      3c5        0     1                 
     406      406        0     1                 
     483      483        0     1                 
     496      496        0     1                 
     4f6      4f6        0     1                 
     521      521        0     1                 
     555      555        0     1                 
     56a      56a        0     1                 
     57d      57d        0     1                 
     5b1      5b1        0     1                 
     5c6      5c6        0     1                 
     5e4      5e4        0     1                 
     60d      60d        0     1                 
     643      643        0     1                 
     656      656        0     1                 
     674      674        0     1                 
     74c      74c        0     1                 
     76b      76b        0     1                 
       0        0      3ad     1 .debug_abbrev
       0        0      237     1         /tmp/kernel-bb9bd3.o:(.debug_abbrev)
       0        0        0     1                 $d.6
     237      237      176     1         /tmp/common-5e7cf1.o:(.debug_abbrev)
     237      237        0     1                 $d.4
       0        0      ad7     1 .debug_info
       0        0      695     1         /tmp/kernel-bb9bd3.o:(.debug_info)
       0        0        0     1                 $d.7
     695      695      442     1         /tmp/common-5e7cf1.o:(.debug_info)
     695      695        0     1                 $d.5
       0        0       30     1 .debug_ranges
       0        0       18     1         /tmp/kernel-bb9bd3.o:(.debug_ranges)
       0        0        0     1                 
       0        0        0     1                 $d.8
      18       18       18     1         /tmp/common-5e7cf1.o:(.debug_ranges)
      18       18        0     1                 
      18       18        0     1                 $d.6
       0        0      255     1 .debug_str
       0        0      255     1         <internal>:(.debug_str)
       0        0       42     1 .comment
       0        0       42     1         <internal>:(.comment)
       0        0       2b     1 .riscv.attributes
       0        0       2b     1         <internal>:(.riscv.attributes)
       0        0      178     4 .debug_frame
       0        0       cc     4         /tmp/kernel-bb9bd3.o:(.debug_frame)
       0        0        0     1                 
       0        0        0     1                 $d.12
      cc       cc       ac     4         /tmp/common-5e7cf1.o:(.debug_frame)
      cc       cc        0     1                 
      cc       cc        0     1                 $d.10
       0        0      816     1 .debug_line
       0        0      307     1         /tmp/kernel-bb9bd3.o:(.debug_line)
       0        0        0     1                 .Lline_table_start0
       0        0        0     1                 $d.13
     307      307      50f     1         /tmp/common-5e7cf1.o:(.debug_line)
     307      307        0     1                 .Lline_table_start0
     307      307        0     1                 $d.11
       0        0     2840     4 .symtab
       0        0     2840     4         <internal>:(.symtab)
       0        0       a7     1 .shstrtab
       0        0       a7     1         <internal>:(.shstrtab)
       0        0      18b     1 .strtab
       0        0      18b     1         <internal>:(.strtab)
