     VMA      LMA     Size Align Out     In      Symbol
       0        0 80200000     1 . = 0x80200000
80200000 80200000      3ca     2 .text
80200000 80200000        e     2         /tmp/kernel-bad127.o:(.text.boot)
80200000 80200000        0     1                 
80200000 80200000        0     1                 
80200000 80200000        0     1                 $x.1
80200000 80200000        0     1                 
80200000 80200000        e     1                 boot
8020000e 8020000e        0     1                 
8020000e 8020000e        0     1                 
8020000e 8020000e      192     2         /tmp/kernel-bad127.o:(.text)
8020000e 8020000e        0     1                 
8020000e 8020000e        0     1                 
8020000e 8020000e        0     1                 $x.0
8020000e 8020000e        0     1                 
8020000e 8020000e        6     1                 sbi_call
80200012 80200012        0     1                 
80200014 80200014        0     1                 
80200014 80200014        0     1                 
80200014 80200014        0     1                 
80200014 80200014        a     1                 putchar
80200018 80200018        0     1                 
8020001c 8020001c        0     1                 
8020001e 8020001e        0     1                 
8020001e 8020001e        0     1                 
8020001e 8020001e        0     1                 
8020001e 8020001e       4e     1                 alloc_pages
80200024 80200024        0     1                 
8020002c 8020002c        0     1                 
8020002c 8020002c        0     1                 
80200030 80200030        0     1                 
80200034 80200034        0     1                 
80200034 80200034        0     1                 
8020003c 8020003c        0     1                 
80200040 80200040        0     1                 
80200044 80200044        0     1                 
8020005a 8020005a        0     1                 
8020005a 8020005a        0     1                 .LBB2_2
8020005c 8020005c        0     1                 .LBB2_3
8020005c 8020005c        0     1                 
80200062 80200062        0     1                 
80200062 80200062        0     1                 
80200068 80200068        0     1                 
80200068 80200068        0     1                 
8020006c 8020006c        0     1                 
8020006c 8020006c        0     1                 
8020006c 8020006c        0     1                 
8020006c 8020006c        0     1                 
8020006c 8020006c        0     1                 
8020006c 8020006c      134     1                 kernel_main
80200078 80200078        0     1                 
8020008a 8020008a        0     1                 
8020008a 8020008a        0     1                 
8020009e 8020009e        0     1                 
8020009e 8020009e        0     1                 
802000a4 802000a4        0     1                 
802000a4 802000a4        0     1                 
802000a8 802000a8        0     1                 
802000b0 802000b0        0     1                 
802000b8 802000b8        0     1                 
802000c0 802000c0        0     1                 
802000c4 802000c4        0     1                 
802000cc 802000cc        0     1                 
802000d4 802000d4        0     1                 
802000dc 802000dc        0     1                 
802000e0 802000e0        0     1                 
802000e8 802000e8        0     1                 
802000ec 802000ec        0     1                 
802000f4 802000f4        0     1                 
802000fc 802000fc        0     1                 
80200100 80200100        0     1                 
80200104 80200104        0     1                 
80200104 80200104        0     1                 
8020010c 8020010c        0     1                 
8020010c 8020010c        0     1                 
8020010e 8020010e        0     1                 
80200110 80200110        0     1                 
80200118 80200118        0     1                 
8020011c 8020011c        0     1                 
80200120 80200120        0     1                 
80200120 80200120        0     1                 
80200136 80200136        0     1                 
80200136 80200136        0     1                 .LBB3_2
80200138 80200138        0     1                 .LBB3_3
80200138 80200138        0     1                 
80200140 80200140        0     1                 
80200140 80200140        0     1                 
80200144 80200144        0     1                 
80200144 80200144        0     1                 
80200146 80200146        0     1                 
8020014c 8020014c        0     1                 
80200150 80200150        0     1                 
80200150 80200150        0     1                 
80200166 80200166        0     1                 
80200166 80200166        0     1                 .LBB3_5
80200168 80200168        0     1                 .LBB3_6
80200168 80200168        0     1                 
80200170 80200170        0     1                 
80200170 80200170        0     1                 
8020017c 8020017c        0     1                 
8020017c 8020017c        0     1                 
80200188 80200188        0     1                 
80200188 80200188        0     1                 
8020019e 8020019e        0     1                 
8020019e 8020019e        0     1                 .LBB3_7
802001a0 802001a0        0     1                 
802001a0 802001a0        0     1                 
802001a0 802001a0      22a     2         /tmp/common-730492.o:(.text)
802001a0 802001a0        0     1                 
802001a0 802001a0        0     1                 
802001a0 802001a0        0     1                 $x.0
802001a0 802001a0        0     1                 
802001a0 802001a0      1a6     1                 printf
802001ce 802001ce        0     1                 
802001f6 802001f6        0     1                 .LBB0_1
802001f6 802001f6        0     1                 
802001fa 802001fa        0     1                 .LBB0_2
802001fa 802001fa        0     1                 
802001fc 802001fc        0     1                 .LBB0_3
802001fc 802001fc        0     1                 
80200200 80200200        0     1                 
80200208 80200208        0     1                 .LBB0_5
80200208 80200208        0     1                 
8020020a 8020020a        0     1                 
8020020a 8020020a        0     1                 
8020020c 8020020c        0     1                 
8020020e 8020020e        0     1                 .LBB0_6
8020020e 8020020e        0     1                 
80200212 80200212        0     1                 
80200214 80200214        0     1                 
80200224 80200224        0     1                 
80200224 80200224        0     1                 
80200230 80200230        0     1                 
80200230 80200230        0     1                 
80200234 80200234        0     1                 
80200234 80200234        0     1                 
80200236 80200236        0     1                 
8020023c 8020023c        0     1                 .LBB0_11
8020023c 8020023c        0     1                 
8020023c 8020023c        0     1                 
80200244 80200244        0     1                 
80200244 80200244        0     1                 
8020024e 8020024e        0     1                 
8020024e 8020024e        0     1                 
80200252 80200252        0     1                 
80200252 80200252        0     1                 
80200254 80200254        0     1                 
80200258 80200258        0     1                 
8020025a 8020025a        0     1                 
8020025a 8020025a        0     1                 
80200260 80200260        0     1                 
80200260 80200260        0     1                 
80200262 80200262        0     1                 
80200266 80200266        0     1                 
80200268 80200268        0     1                 
80200268 80200268        0     1                 
8020026e 8020026e        0     1                 
8020026e 8020026e        0     1                 
80200270 80200270        0     1                 
80200274 80200274        0     1                 
80200276 80200276        0     1                 
80200276 80200276        0     1                 
8020027c 8020027c        0     1                 
8020027c 8020027c        0     1                 
8020027e 8020027e        0     1                 
80200282 80200282        0     1                 
80200284 80200284        0     1                 
80200284 80200284        0     1                 
8020028a 8020028a        0     1                 
8020028a 8020028a        0     1                 
8020028c 8020028c        0     1                 
80200290 80200290        0     1                 
80200292 80200292        0     1                 
80200292 80200292        0     1                 
80200298 80200298        0     1                 
80200298 80200298        0     1                 
8020029a 8020029a        0     1                 
8020029e 8020029e        0     1                 
802002a0 802002a0        0     1                 
802002a0 802002a0        0     1                 
802002a6 802002a6        0     1                 
802002a6 802002a6        0     1                 
802002a8 802002a8        0     1                 
802002ac 802002ac        0     1                 
802002ae 802002ae        0     1                 
802002ae 802002ae        0     1                 
802002b0 802002b0        0     1                 
802002b0 802002b0        0     1                 
802002b2 802002b2        0     1                 
802002b6 802002b6        0     1                 
802002b6 802002b6        0     1                 
802002b8 802002b8        0     1                 
802002b8 802002b8        0     1                 
802002ba 802002ba        0     1                 
802002bc 802002bc        0     1                 .LBB0_14
802002bc 802002bc        0     1                 
802002bc 802002bc        0     1                 
802002c6 802002c6        0     1                 
802002c6 802002c6        0     1                 
802002ca 802002ca        0     1                 
802002d0 802002d0        0     1                 
802002d0 802002d0        0     1                 .LBB0_16
802002d0 802002d0        0     1                 
802002d6 802002d6        0     1                 
802002d6 802002d6        0     1                 
802002da 802002da        0     1                 
802002dc 802002dc        0     1                 
802002e0 802002e0        0     1                 .LBB0_17
802002e0 802002e0        0     1                 
802002e0 802002e0        0     1                 
802002e6 802002e6        0     1                 
802002e6 802002e6        0     1                 
802002ea 802002ea        0     1                 
802002ea 802002ea        0     1                 
802002ec 802002ec        0     1                 
802002f0 802002f0        0     1                 .LBB0_18
802002f0 802002f0        0     1                 
802002f2 802002f2        0     1                 
802002f2 802002f2        0     1                 .LBB0_19
802002f2 802002f2        0     1                 
802002f6 802002f6        0     1                 
802002fa 802002fa        0     1                 
802002fe 802002fe        0     1                 .LBB0_20
802002fe 802002fe        0     1                 
802002fe 802002fe        0     1                 
80200300 80200300        0     1                 
80200300 80200300        0     1                 
80200304 80200304        0     1                 
80200308 80200308        0     1                 
8020030e 8020030e        0     1                 
8020030e 8020030e        0     1                 
80200316 80200316        0     1                 
8020031c 8020031c        0     1                 
8020031c 8020031c        0     1                 
80200322 80200322        0     1                 .LBB0_21
80200322 80200322        0     1                 
80200322 80200322        0     1                 
80200328 80200328        0     1                 .LBB0_22
80200328 80200328        0     1                 
80200328 80200328        0     1                 
8020032c 8020032c        0     1                 
80200342 80200342        0     1                 
80200346 80200346        0     1                 
80200346 80200346        0     1                 
80200346 80200346        0     1                 
80200346 80200346        0     1                 
80200346 80200346        0     1                 
80200346 80200346       16     1                 memset
8020034a 8020034a        0     1                 
8020034a 8020034a        0     1                 
8020034c 8020034c        0     1                 
8020034c 8020034c        0     1                 .LBB1_2
8020034c 8020034c        0     1                 
80200350 80200350        0     1                 
80200350 80200350        0     1                 
80200354 80200354        0     1                 
80200356 80200356        0     1                 
80200356 80200356        0     1                 
8020035a 8020035a        0     1                 .LBB1_3
8020035a 8020035a        0     1                 
8020035a 8020035a        0     1                 
8020035c 8020035c        0     1                 
8020035c 8020035c        0     1                 
8020035c 8020035c        0     1                 
8020035c 8020035c        0     1                 
8020035c 8020035c        0     1                 
8020035c 8020035c       1c     1                 memcpy
80200360 80200360        0     1                 
80200360 80200360        0     1                 
80200362 80200362        0     1                 
80200362 80200362        0     1                 .LBB2_2
80200362 80200362        0     1                 
80200366 80200366        0     1                 
80200368 80200368        0     1                 
8020036c 8020036c        0     1                 
8020036c 8020036c        0     1                 
80200370 80200370        0     1                 
80200372 80200372        0     1                 
80200372 80200372        0     1                 
80200376 80200376        0     1                 .LBB2_3
80200376 80200376        0     1                 
80200376 80200376        0     1                 
80200378 80200378        0     1                 
80200378 80200378        0     1                 
80200378 80200378        0     1                 
80200378 80200378        0     1                 
80200378 80200378        0     1                 
80200378 80200378       24     1                 strcpy
8020037e 8020037e        0     1                 
80200382 80200382        0     1                 
80200382 80200382        0     1                 
80200384 80200384        0     1                 
80200384 80200384        0     1                 .LBB3_2
80200384 80200384        0     1                 
80200388 80200388        0     1                 
8020038c 8020038c        0     1                 
80200390 80200390        0     1                 
80200390 80200390        0     1                 
80200392 80200392        0     1                 
80200392 80200392        0     1                 
80200394 80200394        0     1                 
80200396 80200396        0     1                 .LBB3_3
80200396 80200396        0     1                 
80200396 80200396        0     1                 
8020039a 8020039a        0     1                 
8020039c 8020039c        0     1                 
8020039c 8020039c        0     1                 
8020039c 8020039c        0     1                 
8020039c 8020039c        0     1                 
8020039c 8020039c        0     1                 
8020039c 8020039c       2e     1                 strcmp
802003a0 802003a0        0     1                 
802003a2 802003a2        0     1                 
802003a4 802003a4        0     1                 
802003a4 802003a4        0     1                 .LBB4_2
802003a4 802003a4        0     1                 
802003ac 802003ac        0     1                 
802003b0 802003b0        0     1                 
802003b0 802003b0        0     1                 
802003b4 802003b4        0     1                 
802003b6 802003b6        0     1                 
802003b8 802003b8        0     1                 
802003ba 802003ba        0     1                 .LBB4_4
802003ba 802003ba        0     1                 
802003c0 802003c0        0     1                 .LBB4_5
802003c0 802003c0        0     1                 
802003c0 802003c0        0     1                 
802003c2 802003c2        0     1                 .LBB4_6
802003c2 802003c2        0     1                 
802003c2 802003c2        0     1                 
802003c6 802003c6        0     1                 
802003c6 802003c6        0     1                 
802003c8 802003c8        0     1                 
802003ca 802003ca        0     1                 
802003ca 802003ca        0     1                 
802003cc 802003cc       ab     4 .rodata
802003cc 802003cc       ab     1         <internal>:(.rodata.str1.1)
80200478 80200478        4     4 .sdata
80200478 80200478        4     4         /tmp/kernel-bad127.o:(.sdata)
80200478 80200478        4     1                 alloc_pages.next_paddr
80200478 80200478        0     1                 $d.2
8020047c 8020047c        0     4 .bss
8020047c 8020047c        0     1         __bss = .
8020047c 8020047c        0     1         __bss_end = .
8020047c 8020047c        0     1 . = ALIGN ( 4 )
8020047c 8020047c    20000     1 . += 128 * 1024
8022047c 8022047c        0     1 __stack_top = .
8022047c 8022047c      b84     1 . = ALIGN ( 4096 )
80221000 80221000        0     1 __free_ram = .
80221000 80221000  4000000     1 . += 64 * 1024 * 1024
84221000 84221000        0     1 __free_ram_end = .
       0        0      55a     1 .debug_loc
       0        0      26f     1         /tmp/kernel-bad127.o:(.debug_loc)
       0        0        0     1                 
       0        0        0     1                 $d.4
      1b       1b        0     1                 
      36       36        0     1                 
      51       51        0     1                 
      6c       6c        0     1                 
     123      123        0     1                 
     203      203        0     1                 
     21e      21e        0     1                 
     239      239        0     1                 
     254      254        0     1                 
     26f      26f      2eb     1         /tmp/common-730492.o:(.debug_loc)
     26f      26f        0     1                 
     26f      26f        0     1                 $d.2
     28d      28d        0     1                 
     2ab      2ab        0     1                 
     2c9      2c9        0     1                 
     30a      30a        0     1                 
     387      387        0     1                 
     39a      39a        0     1                 
     3fa      3fa        0     1                 
     425      425        0     1                 
     459      459        0     1                 
     46e      46e        0     1                 
     481      481        0     1                 
     4b5      4b5        0     1                 
     4ca      4ca        0     1                 
     4e8      4e8        0     1                 
     511      511        0     1                 
     547      547        0     1                 
       0        0      322     1 .debug_abbrev
       0        0      1fa     1         /tmp/kernel-bad127.o:(.debug_abbrev)
       0        0        0     1                 $d.5
     1fa      1fa      128     1         /tmp/common-730492.o:(.debug_abbrev)
     1fa      1fa        0     1                 $d.3
       0        0      76b     1 .debug_info
       0        0      440     1         /tmp/kernel-bad127.o:(.debug_info)
       0        0        0     1                 $d.6
     440      440      32b     1         /tmp/common-730492.o:(.debug_info)
     440      440        0     1                 $d.4
       0        0       30     1 .debug_ranges
       0        0       18     1         /tmp/kernel-bad127.o:(.debug_ranges)
       0        0        0     1                 
       0        0        0     1                 $d.7
      18       18       18     1         /tmp/common-730492.o:(.debug_ranges)
      18       18        0     1                 
      18       18        0     1                 $d.5
       0        0      1d8     1 .debug_str
       0        0      1d8     1         <internal>:(.debug_str)
       0        0       42     1 .comment
       0        0       42     1         <internal>:(.comment)
       0        0       2b     1 .riscv.attributes
       0        0       2b     1         <internal>:(.riscv.attributes)
       0        0      100     4 .debug_frame
       0        0       7c     4         /tmp/kernel-bad127.o:(.debug_frame)
       0        0        0     1                 
       0        0        0     1                 $d.11
      7c       7c       84     4         /tmp/common-730492.o:(.debug_frame)
      7c       7c        0     1                 
      7c       7c        0     1                 $d.9
       0        0      549     1 .debug_line
       0        0      18b     1         /tmp/kernel-bad127.o:(.debug_line)
       0        0        0     1                 .Lline_table_start0
       0        0        0     1                 $d.12
     18b      18b      3be     1         /tmp/common-730492.o:(.debug_line)
     18b      18b        0     1                 .Lline_table_start0
     18b      18b        0     1                 $d.10
       0        0     1ba0     4 .symtab
       0        0     1ba0     4         <internal>:(.symtab)
       0        0       a7     1 .shstrtab
       0        0       a7     1         <internal>:(.shstrtab)
       0        0      12d     1 .strtab
       0        0      12d     1         <internal>:(.strtab)
